[valuablecointoken.vercel.app/index.html]
[valuablecointoken.vercel.app/favicon.ico]
[valuablecointoken.vercel.app/apple-touch-icon.png]
[valuablecointoken.vercel.app/favicon-32x32.png]
[valuablecointoken.vercel.app/favicon-16x16.png]
[valuablecointoken.vercel.app/manifest.json]
[backblue.gif]
[fade.gif]
[index.html]
[valuablecointoken.vercel.app/assets/css/scss/style.css]
[ajax.googleapis.com/ajax/libs/jquery/3.5.1/jquery.min.js]
[valuablecointoken.vercel.app/assets/js/custom.js]
[cdn.jsdelivr.net/gh/michalsnik/aos@2.1.1/dist/aos.css]
[valuablecointoken.vercel.app/static/css/2.2cfd4829.chunk.css]
[valuablecointoken.vercel.app/static/css/main.009befe2.chunk.css]
[unpkg.com/aos@2.3.1/dist/aos.js]
[valuablecointoken.vercel.app/static/js/2.8e0086b7.chunk.js]
[valuablecointoken.vercel.app/index.html]
[valuablecointoken.vercel.app/static/js/main.9b77796f.chunk.js]
[valuablecointoken.vercel.app/assets/img/d-line.png]
[valuablecointoken.vercel.app/assets/img/d.png]
[valuablecointoken.vercel.app/assets/css/scss/style.css]
[valuablecointoken.vercel.app/assets/fonts/AvenirLTPro-Book.woff2]
[valuablecointoken.vercel.app/assets/fonts/AvenirLTPro-Book.woff]
[valuablecointoken.vercel.app/assets/fonts/AvenirLTPro-Roman.woff2]
[valuablecointoken.vercel.app/assets/fonts/AvenirLTPro-Roman.woff]
[valuablecointoken.vercel.app/assets/fonts/AvenirLTPro-Medium.woff2]
[valuablecointoken.vercel.app/assets/fonts/AvenirLTPro-Medium.woff]
[valuablecointoken.vercel.app/assets/fonts/AvenirLTPro-Black.woff2]
[valuablecointoken.vercel.app/assets/fonts/AvenirLTPro-Black.woff]
[valuablecointoken.vercel.app/assets/fonts/stylesheet.css]
[cdn.jsdelivr.net/gh/michalsnik/aos@2.1.1/dist/aos.css]
[valuablecointoken.vercel.app/static/css/2.2cfd4829.chunk.css]
[valuablecointoken.vercel.app/static/css/main.009befe2.chunk.css]
